/home/saghar/IG/projects/price-tag-reader/python/tst/positives/100.jpg
/home/saghar/IG/projects/price-tag-reader/python/tst/positives/101.jpg
/home/saghar/IG/projects/price-tag-reader/python/tst/positives/102.jpg
/home/saghar/IG/projects/price-tag-reader/python/tst/positives/104.jpg
/home/saghar/IG/projects/price-tag-reader/python/tst/positives/106.jpg
/home/saghar/IG/projects/price-tag-reader/python/tst/positives/108.jpg
/home/saghar/IG/projects/price-tag-reader/python/tst/positives/109.jpg
/home/saghar/IG/projects/price-tag-reader/python/tst/positives/10.jpg
/home/saghar/IG/projects/price-tag-reader/python/tst/positives/110.jpg
/home/saghar/IG/projects/price-tag-reader/python/tst/positives/111.jpg
/home/saghar/IG/projects/price-tag-reader/python/tst/positives/113.jpg
/home/saghar/IG/projects/price-tag-reader/python/tst/positives/114.jpg
/home/saghar/IG/projects/price-tag-reader/python/tst/positives/115.jpg
/home/saghar/IG/projects/price-tag-reader/python/tst/positives/116.jpg
/home/saghar/IG/projects/price-tag-reader/python/tst/positives/117.jpg
/home/saghar/IG/projects/price-tag-reader/python/tst/positives/118.jpg
/home/saghar/IG/projects/price-tag-reader/python/tst/positives/119.jpg
/home/saghar/IG/projects/price-tag-reader/python/tst/positives/11.jpg
/home/saghar/IG/projects/price-tag-reader/python/tst/positives/120.jpg
/home/saghar/IG/projects/price-tag-reader/python/tst/positives/121.jpg
/home/saghar/IG/projects/price-tag-reader/python/tst/positives/122.jpg
/home/saghar/IG/projects/price-tag-reader/python/tst/positives/123.jpg
/home/saghar/IG/projects/price-tag-reader/python/tst/positives/124.jpg
/home/saghar/IG/projects/price-tag-reader/python/tst/positives/13.jpg
/home/saghar/IG/projects/price-tag-reader/python/tst/positives/14.jpg
/home/saghar/IG/projects/price-tag-reader/python/tst/positives/1511343179504.jpg
/home/saghar/IG/projects/price-tag-reader/python/tst/positives/1511343183217.jpg
/home/saghar/IG/projects/price-tag-reader/python/tst/positives/1511343186649.jpg
/home/saghar/IG/projects/price-tag-reader/python/tst/positives/1511343190402.jpg
/home/saghar/IG/projects/price-tag-reader/python/tst/positives/15.jpg
/home/saghar/IG/projects/price-tag-reader/python/tst/positives/16.jpg
/home/saghar/IG/projects/price-tag-reader/python/tst/positives/17.jpg
/home/saghar/IG/projects/price-tag-reader/python/tst/positives/18.jpg
/home/saghar/IG/projects/price-tag-reader/python/tst/positives/19.jpg
/home/saghar/IG/projects/price-tag-reader/python/tst/positives/20.jpg
/home/saghar/IG/projects/price-tag-reader/python/tst/positives/21.jpg
/home/saghar/IG/projects/price-tag-reader/python/tst/positives/22.jpg
/home/saghar/IG/projects/price-tag-reader/python/tst/positives/23.jpg
/home/saghar/IG/projects/price-tag-reader/python/tst/positives/25.jpg
/home/saghar/IG/projects/price-tag-reader/python/tst/positives/27.jpg
/home/saghar/IG/projects/price-tag-reader/python/tst/positives/2.jpg
/home/saghar/IG/projects/price-tag-reader/python/tst/positives/31.jpg
/home/saghar/IG/projects/price-tag-reader/python/tst/positives/32.jpg
/home/saghar/IG/projects/price-tag-reader/python/tst/positives/35.jpg
/home/saghar/IG/projects/price-tag-reader/python/tst/positives/36.jpg
/home/saghar/IG/projects/price-tag-reader/python/tst/positives/37.jpg
/home/saghar/IG/projects/price-tag-reader/python/tst/positives/38.jpg
/home/saghar/IG/projects/price-tag-reader/python/tst/positives/41.jpg
/home/saghar/IG/projects/price-tag-reader/python/tst/positives/45.jpg
/home/saghar/IG/projects/price-tag-reader/python/tst/positives/48.jpg
/home/saghar/IG/projects/price-tag-reader/python/tst/positives/49.jpg
/home/saghar/IG/projects/price-tag-reader/python/tst/positives/4.jpg
/home/saghar/IG/projects/price-tag-reader/python/tst/positives/52.jpg
/home/saghar/IG/projects/price-tag-reader/python/tst/positives/54.jpg
/home/saghar/IG/projects/price-tag-reader/python/tst/positives/55.jpg
/home/saghar/IG/projects/price-tag-reader/python/tst/positives/56.jpg
/home/saghar/IG/projects/price-tag-reader/python/tst/positives/58.jpg
/home/saghar/IG/projects/price-tag-reader/python/tst/positives/59.jpg
/home/saghar/IG/projects/price-tag-reader/python/tst/positives/60.jpg
/home/saghar/IG/projects/price-tag-reader/python/tst/positives/61.jpg
/home/saghar/IG/projects/price-tag-reader/python/tst/positives/63.jpg
/home/saghar/IG/projects/price-tag-reader/python/tst/positives/67.jpg
/home/saghar/IG/projects/price-tag-reader/python/tst/positives/68.jpg
/home/saghar/IG/projects/price-tag-reader/python/tst/positives/69.jpg
/home/saghar/IG/projects/price-tag-reader/python/tst/positives/70.jpg
/home/saghar/IG/projects/price-tag-reader/python/tst/positives/73.jpg
/home/saghar/IG/projects/price-tag-reader/python/tst/positives/74.jpg
/home/saghar/IG/projects/price-tag-reader/python/tst/positives/76.jpg
/home/saghar/IG/projects/price-tag-reader/python/tst/positives/77.jpg
/home/saghar/IG/projects/price-tag-reader/python/tst/positives/78.jpg
/home/saghar/IG/projects/price-tag-reader/python/tst/positives/80.jpg
/home/saghar/IG/projects/price-tag-reader/python/tst/positives/81.jpg
/home/saghar/IG/projects/price-tag-reader/python/tst/positives/82.jpg
/home/saghar/IG/projects/price-tag-reader/python/tst/positives/90.jpg
/home/saghar/IG/projects/price-tag-reader/python/tst/positives/91.jpg
/home/saghar/IG/projects/price-tag-reader/python/tst/positives/92.jpg
/home/saghar/IG/projects/price-tag-reader/python/tst/positives/93.jpg
/home/saghar/IG/projects/price-tag-reader/python/tst/positives/95.jpg
/home/saghar/IG/projects/price-tag-reader/python/tst/positives/98.jpg
/home/saghar/IG/projects/price-tag-reader/python/tst/positives/99.jpg
/home/saghar/IG/projects/price-tag-reader/python/tst/positives/9.jpg
/home/saghar/IG/projects/price-tag-reader/python/tst/positives/crop_116_0.jpg
/home/saghar/IG/projects/price-tag-reader/python/tst/positives/Google_000.jpg
/home/saghar/IG/projects/price-tag-reader/python/tst/positives/IMG_20171107_185006.jpg
/home/saghar/IG/projects/price-tag-reader/python/tst/positives/tag1_rema.jpg
/home/saghar/IG/projects/price-tag-reader/python/tst/positives/tags_rema_-_Copy_-_Copy_-_Copy_-_Copy_-_Copy.jpg
/home/saghar/IG/projects/price-tag-reader/python/tst/positives/tags_rema_-_Copy_-_Copy_-_Copy_-_Copy.jpg
/home/saghar/IG/projects/price-tag-reader/python/tst/positives/tags_rema_-_Copy_-_Copy_-_Copy.jpg
/home/saghar/IG/projects/price-tag-reader/python/tst/positives/tags_rema_-_Copy_-_Copy.jpg
